Java HotSpot(TM) 64-Bit Server VM (25.25-b02) for bsd-amd64 JRE (1.8.0_25-b17), built on Sep 17 2014 16:56:50 by "java_re" with gcc 4.2.1 (Based on Apple Inc. build 5658) (LLVM build 2336.11.00)
Memory: 4k page, physical 16777216k(220132k free)

/proc/meminfo:

CommandLine flags: -XX:InitialHeapSize=268435456 -XX:MaxHeapSize=4294967296 -XX:+PrintGC -XX:+PrintGCDateStamps -XX:+PrintGCDetails -XX:-PrintGCTimeStamps -XX:+UseCompressedClassPointers -XX:+UseCompressedOops -XX:+UseParallelGC
2015-01-22T16:04:50.319+0000: [GC (Allocation Failure) [PSYoungGen: 65536K->7647K(76288K)] 65536K->7663K(251392K), 0.0081231 secs] [Times: user=0.02 sys=0.00, real=0.01 secs]
2015-01-22T16:04:50.519+0000: [GC (Allocation Failure) [PSYoungGen: 73183K->10732K(141824K)] 73199K->11334K(316928K), 0.0083230 secs] [Times: user=0.04 sys=0.00, real=0.01 secs]
2015-01-22T16:04:50.619+0000: [GC (Metadata GC Threshold) [PSYoungGen: 37665K->8146K(141824K)] 38266K->8756K(316928K), 0.0057478 secs] [Times: user=0.03 sys=0.00, real=0.01 secs]
2015-01-22T16:04:51.319+0000: [Full GC (Metadata GC Threshold) [PSYoungGen: 8146K->0K(141824K)] [ParOldGen: 609K->7853K(108544K)] 8756K->7853K(250368K), [Metaspace: 20722K->20722K(1067008K)], 0.0278495 secs] [Times: user=0.09 sys=0.01, real=0.02 secs]
2015-01-22T16:04:51.519+0000: [GC (System.gc()) [PSYoungGen: 42114K->5147K(199680K)] 49967K->13008K(308224K), 0.0054855 secs] [Times: user=0.03 sys=0.01, real=0.01 secs]
2015-01-22T16:04:52.319+0000: [Full GC (System.gc()) [PSYoungGen: 5147K->0K(199680K)] [ParOldGen: 7861K->11164K(108544K)] 13008K->11164K(308224K), [Metaspace: 23444K->23444K(1071104K)], 0.0846303 secs] [Times: user=0.54 sys=0.01, real=0.08 secs]
2015-01-22T16:04:52.519+0000: [GC (System.gc()) [PSYoungGen: 6062K->256K(194560K)] 17227K->11428K(303104K), 0.0010566 secs] [Times: user=0.01 sys=0.00, real=0.00 secs]
2015-01-22T16:04:56.319+0000: [Full GC (System.gc()) [PSYoungGen: 256K->0K(194560K)] [ParOldGen: 11172K->9753K(108544K)] 11428K->9753K(303104K), [Metaspace: 23523K->23523K(1071104K)], 0.0921023 secs] [Times: user=0.57 sys=0.01, real=0.09 secs]
Heap
 PSYoungGen      total 194560K, used 17324K [0x000000076ab00000, 0x000000077b600000, 0x00000007c0000000)
  eden space 194048K, 8% used [0x000000076ab00000,0x000000076bbeb380,0x0000000776880000)
  from space 512K, 0% used [0x000000077a600000,0x000000077a600000,0x000000077a680000)
  to   space 10752K, 0% used [0x000000077ab80000,0x000000077ab80000,0x000000077b600000)
 ParOldGen       total 108544K, used 9753K [0x00000006c0000000, 0x00000006c6a00000, 0x000000076ab00000)
  object space 108544K, 8% used [0x00000006c0000000,0x00000006c09866f8,0x00000006c6a00000)
 Metaspace       used 23599K, capacity 24096K, committed 24192K, reserved 1071104K
  class space    used 3283K, capacity 3430K, committed 3456K, reserved 1048576K
76K
