2015-01-22T16:04:50.319+0000: [GC [PSYoungGen: 13568K->2221K(15808K)] 13568K->2511K(51968K), 0.0039800 secs] [Times: user=0.02 sys=0.01, real=0.01 secs]
2015-01-22T16:04:50.519+0000: [GC [PSYoungGen: 15789K->2208K(15808K)] 16079K->3676K(51968K), 0.0048130 secs] [Times: user=0.02 sys=0.00, real=0.00 secs]
2015-01-22T16:04:50.619+0000: [GC [PSYoungGen: 15776K->2240K(15808K)] 17244K->5196K(51968K), 0.0048400 secs] [Times: user=0.02 sys=0.00, real=0.01 secs]
2015-01-22T16:04:51.319+0000: [GC [PSYoungGen: 15808K->2240K(29376K)] 18764K->7273K(65536K), 0.0089280 secs] [Times: user=0.05 sys=0.01, real=0.01 secs]
2015-01-22T16:04:51.519+0000: [GC [PSYoungGen: 29376K->2240K(29376K)] 34409K->11683K(65536K), 0.0187800 secs] [Times: user=0.11 sys=0.02, real=0.02 secs]
2015-01-22T16:04:52.319+0000: [GC [PSYoungGen: 29376K->4849K(60992K)] 38819K->14293K(97152K), 0.0090450 secs] [Times: user=0.06 sys=0.00, real=0.01 secs]
2015-01-22T16:04:52.519+0000: [Full GC (System) [PSYoungGen: 9542K->0K(187200K)] [ParOldGen: 30885K->34145K(36160K)] 40427K->34145K(223360K) [PSPermGen: 32579K->32561K(65152K)], 0.2854620 secs] [Times: user=1.27 sys=0.02, real=0.29 secs]
Heap
 PSYoungGen      total 187200K, used 5532K [0x00000007ee560000, 0x00000007fad10000, 0x0000000800000000)
  eden space 170304K, 3% used [0x00000007ee560000,0x00000007eeac7280,0x00000007f8bb0000)
  from space 16896K, 0% used [0x00000007f9c90000,0x00000007f9c90000,0x00000007fad10000)
  to   space 17088K, 0% used [0x00000007f8bb0000,0x00000007f8bb0000,0x00000007f9c60000)
 ParOldGen       total 36160K, used 34145K [0x00000007cb000000, 0x00000007cd350000, 0x00000007ee560000)
  object space 36160K, 94% used [0x00000007cb000000,0x00000007cd158520,0x00000007cd350000)
 PSPermGen       total 65152K, used 32576K [0x00000007c5e00000, 0x00000007c9da0000, 0x00000007cb000000)
  object space 65152K, 50% used [0x00000007c5e00000,0x00000007c7dd0218,0x00000007c9da0000)
